// Jest Snapshot v1, https://goo.gl/fbAQLP

exports[`<Aside /> Aside component should render as expected 1`] = `
<Aside
  dispatch={[Function]}
  store={
    Object {
      "clearActions": [Function],
      "dispatch": [Function],
      "getActions": [Function],
      "getState": [Function],
      "replaceReducer": [Function],
      "subscribe": [Function],
    }
  }
/>
`;
